[2026-02-07 23:14:36] Build log file: C:\code\work\smu-cs301-project\project-2025-26-t2-project-2025-26t2-g2-t3\build-logs\\build-and-deploy-k8s\inv79731024-004524__2026-02-07_23-14-35__build-and-deploy-k8s-local.log
[2026-02-07 23:14:36] Base kustomization deployments: agent, client, log, transaction, frontend
[2026-02-07 23:14:36] Running K8s manifest validation...
[2026-02-07 23:14:36] Running: make k8s-validate
bash scripts/validate-k8s/validate.sh
[k8s-validate] WSL detected - adding Windows tool paths for cross-platform compatibility
[k8s-validate] Added to PATH: /mnt/c/code/work/smu-cs301-project/project-2025-26-t2-project-2025-26t2-g2-t3/.devtools/bin
[k8s-validate] Added to PATH: /mnt/c/ProgramData/chocolatey/bin
[k8s-validate] Checking required tools...
[k8s-validate] Found: helm.exe
[k8s-validate] Found: kubectl
[k8s-validate] Found: kubeconform.exe
[k8s-validate] All required tools found.
[k8s-validate] Validating kind config YAML...
[k8s-validate] kind-config.yaml parsed successfully.
[k8s-validate] Ensuring Helm repos are added...
[k8s-validate] Rendering Helm chart: ingress-nginx/ingress-nginx (release=ingress-nginx, namespace=ingress-nginx)...
[k8s-validate] Validating infra-ingress.yaml with kubeconform...
Summary: 18 resources found in 1 file - Valid: 18, Invalid: 0, Errors: 0, Skipped: 0
[k8s-validate] Rendering Helm chart: bitnami/metrics-server (release=metrics-server, namespace=kube-system)...
[k8s-validate] Validating infra-metrics.yaml with kubeconform...
Summary: 11 resources found in 1 file - Valid: 11, Invalid: 0, Errors: 0, Skipped: 0
[k8s-validate] Rendering Helm chart: bitnami/postgresql (release=postgres, namespace=dev)...
[k8s-validate] Validating infra-postgres.yaml with kubeconform...
Summary: 7 resources found in 1 file - Valid: 7, Invalid: 0, Errors: 0, Skipped: 0
[k8s-validate] Rendering Kustomize overlay: /mnt/c/code/work/smu-cs301-project/project-2025-26-t2-project-2025-26t2-g2-t3/platform/k8s/apps/overlays/dev...
[k8s-validate] Validating apps-dev.yaml with kubeconform...
Summary: 14 resources found in 1 file - Valid: 14, Invalid: 0, Errors: 0, Skipped: 0
[k8s-validate] 
[k8s-validate] === K8s Validation Passed ===
[k8s-validate] Validated outputs:
[k8s-validate]   - /mnt/c/code/work/smu-cs301-project/project-2025-26-t2-project-2025-26t2-g2-t3/.k8s-validate-tmp/infra-ingress.yaml
[k8s-validate]   - /mnt/c/code/work/smu-cs301-project/project-2025-26-t2-project-2025-26t2-g2-t3/.k8s-validate-tmp/infra-metrics.yaml
[k8s-validate]   - /mnt/c/code/work/smu-cs301-project/project-2025-26-t2-project-2025-26t2-g2-t3/.k8s-validate-tmp/infra-postgres.yaml
[k8s-validate]   - /mnt/c/code/work/smu-cs301-project/project-2025-26-t2-project-2025-26t2-g2-t3/.k8s-validate-tmp/apps-dev.yaml
[k8s-validate] Temp dir: /mnt/c/code/work/smu-cs301-project/project-2025-26-t2-project-2025-26t2-g2-t3/.k8s-validate-tmp
[k8s-validate] 
[2026-02-07 23:14:52] K8s validation passed.
[2026-02-07 23:14:52] Running: make kind-up
Creating cluster "cs301-crm" ...
 • Ensuring node image (kindest/node:v1.35.0) 🖼  ...
 ✓ Ensuring node image (kindest/node:v1.35.0) 🖼
 • Preparing nodes 📦   ...
 ✓ Preparing nodes 📦 
 • Writing configuration 📜  ...
 ✓ Writing configuration 📜
 • Starting control-plane 🕹️  ...
 ✓ Starting control-plane 🕹️
 • Installing CNI 🔌  ...
 ✓ Installing CNI 🔌
 • Installing StorageClass 💾  ...
 ✓ Installing StorageClass 💾
Set kubectl context to "kind-cs301-crm"
You can now use your cluster with:

kubectl cluster-info --context kind-cs301-crm

Have a nice day! 👋
process_begin: CreateProcess(NULL, echo Waiting for cluster to be ready..., ...) failed.
make (e=2): The system cannot find the file specified.
make: *** [Makefile:33: kind-up] Error 2
[2026-02-07 23:15:16] Generating comprehensive K8s deployment summary report...
K8s deployment summary generated: C:\code\work\smu-cs301-project\project-2025-26-t2-project-2025-26t2-g2-t3\build-logs\build-and-deploy-k8s\summary-k8s-deploy__2026-02-07_23-14-35.html
[2026-02-07 23:15:16] K8s deployment summary report generated successfully.
[2026-02-07 23:15:16] Rotated old k8s deploy summary reports (kept 3 most recent).
[2026-02-07 23:15:16] Legacy probe diagnostics summary also generated.
Command failed: make kind-up
At C:\code\work\smu-cs301-project\project-2025-26-t2-project-2025-26t2-g
2-t3\scripts\build-and-deploy-k8s\build-and-deploy-k8s-local.ps1:320 
char:9
+         throw "Command failed: make $Target"
+         ~~~~~~~~~~~~~~~~~~~~~~~~~~~~~~~~~~~~
    + CategoryInfo          : OperationStopped: (Command failed: make k 
   ind-up:String) [], RuntimeException
    + FullyQualifiedErrorId : Command failed: make kind-up
 
